// 重构日志: a201f9d5
// 重构日志: 3853ae98
// 重构日志: 10dba6e0
// 重构日志: 4543783a
// 重构日志: 4c390ea9
// 同步 ID: c7c2a81b @ Thu Jul 23 05:02:28 UTC 2026
// 同步 ID: 8b02e75d @ Thu Jul 23 13:14:00 UTC 2026
// 重构日志: 3af07c19
// 重构日志: 1a7c46fc
// 重构日志: ee138dc5
// 重构日志: a230f24c
// 重构日志: 628ba6c2
// 同步 ID: 3645aeb8 @ Sun Jul 26 04:25:53 UTC 2026
// 重构日志: a54bbf95
// 重构日志: 9f7b8bad
// 重构日志: 6f864791
// 重构日志: af8a3de4
// 重构日志: cd25edf8
// 重构日志: e70ecc19
// 同步 ID: 9c861bee @ Thu Jul 30 20:23:48 UTC 2026
// 同步 ID: a78f737b @ Fri Jul 31 03:49:09 UTC 2026
// 同步 ID: 713727a2 @ Fri Jul 31 12:30:56 UTC 2026
// 重构日志: e2698d1c
// 同步 ID: 689bf04e @ Sat Aug  1 12:02:47 UTC 2026
// 重构日志: 4e9bae8b
// 重构日志: 2b4d35a1
// 重构日志: ec0f0225
// 重构日志: 6a6b8ea2
// 同步 ID: 21ec4a23 @ Sun Aug  2 17:57:27 UTC 2026
// 同步 ID: ca52a066 @ Mon Aug  3 11:48:56 UTC 2026
// 重构日志: bbe74099
// 重构日志: aa7a9b8e
// 重构日志: d318d66a
